
==============================================================
== lint (tools/check-source.ps1)
==============================================================
=== BatteryPill source check (C:\myprojects\checkbattery) ===
PASS: BatteryWidget.ps1 has a UTF-8 BOM
PASS: BatteryWidget.ps1 parses with 0 errors
INFO: no non-ASCII characters inside string tokens
PASS: CheckBattery.ps1 parses with 0 errors
PASS: Build.ps1 parses with 0 errors
PASS: PSScriptAnalyzer reports 0 error/warning finding(s)
=== BatteryPill format (C:\myprojects\checkbattery) [check] ===
---
15 file(s) scanned, 0 unformatted
RESULT: PASS
PASS: every .ps1 is autoformatted
=== BatteryPill type check (C:\myprojects\checkbattery) ===
INFO: checked 15 file(s), 68 function(s), 101 parameter(s)
PASS: every function has typed parameters and a declared [OutputType]
RESULT: PASS
---
RESULT: PASS (0 warning(s))
-- lint (tools/check-source.ps1) OK in 8s

==============================================================
== tests (scripts/run-tests.ps1)
==============================================================
=== BatteryPill tests (C:\myprojects\checkbattery\tests) ===
Appearance.Tests.ps1
  PASS  no battery (-1) is neutral slate, not critical red
  PASS  charging is yellow at any level
  PASS  critical (<=10%) is red
  PASS  low (11-20%) is orange
  PASS  medium (21-50%) is yellow
  PASS  New-RoundedRectPath returns a closed four-arc path
  PASS  New-RoundedRectPath honours a non-zero origin
  --- 7 run, 0 failed
Estimation.Tests.ps1
  PASS  Update-EMARate seeds from the first reading instead of easing up from zero
  PASS  Update-EMARate smooths a jump instead of snapping to it
  PASS  Update-EMARate keeps only the last 10 raw rates
  PASS  Update-EMARate speeds up (alpha 0.30) when the rate is stable
  PASS  Update-EMARate dampens harder (alpha 0.08) when the rate is volatile
  PASS  Update-EMARate will not read a nonsensical window as a rock-steady rate
  PASS  Update-EMARate returns a whole mW figure but keeps full precision internally
  PASS  Get-CapacityDerivedRate has nothing to measure on the first sample
  PASS  Get-CapacityDerivedRate refuses to extrapolate from under 30 seconds
  PASS  Get-CapacityDerivedRate resyncs when the wall clock jumps backward
  PASS  Get-CapacityDerivedRate measures mW from the capacity drop
  PASS  Get-CapacityDerivedRate advances its sample so the next reading is incremental
  PASS  Get-CapacityDerivedRate reports nothing while capacity is rising
  PASS  computes time remaining from the smoothed discharge rate
  PASS  holds the last valid rate through a momentary WMI dropout
  PASS  suppresses the estimate during the post-plug hysteresis window
  PASS  does not reuse the pre-unplug discharge rate as a charge rate
  PASS  uses the real charge rate once the charger reports one
  PASS  unplugging does not reuse the charge rate as a discharge rate either
  PASS  drops a held rate that has gone stale (older than 60s)
  PASS  still holds a rate that is just inside the 60s freshness window
  PASS  invents nothing on a cold start with no rate at all
  PASS  reports no estimate when the pack capacity is unknown
  PASS  reports no estimate when the battery reads 0%
  PASS  charging at 100% is 0 minutes to full, not a full-pack runtime
  PASS  prefers the capacity-derived rate after 3 consecutive divergent samples
  PASS  a single divergent sample does not stick - agreement resets the counter
  --- 27 run, 0 failed
  PASS  Write-IoFailure records path, reason and advice in one detail line
  PASS  corrupt config: returns defaults instead of half-applied junk
  PASS  corrupt config: reports an actionable failure naming file, reason and fallout
  PASS  corrupt config: the unreadable file is preserved, not left to be overwritten
  PASS  readable config still loads, and records nothing
  PASS  missing config is not a failure - first run just gets defaults
  PASS  unwritable config: reports an actionable failure instead of losing settings quietly
  PASS  writable config: saves and records nothing
  PASS  auto-start off is honest when the shortcut cannot be deleted
  PASS  auto-start off succeeds quietly when the shortcut can be deleted
  PASS  auto-start off with no shortcut present is a no-op success
  PASS  a link the shell cannot open reports instead of escaping the click handler
  --- 12 run, 0 failed
Formatting.Tests.ps1
  PASS  Format-Duration writes hours and minutes without zero-padding
  PASS  Format-Duration drops the hour part below 60 minutes
  PASS  Format-Duration renders zero as 0m
  PASS  Format-Duration renders an exact hour as Xh 0m
  PASS  Format-Duration handles multi-day estimates
  PASS  Read-ConfigField returns the fallback when the value is absent
  PASS  Read-ConfigField returns the fallback when parsing throws
  PASS  Read-ConfigField returns the fallback when the parser rejects the value
  PASS  Read-ConfigField returns the parsed value when it is valid
  --- 9 run, 0 failed
Harness.Tests.ps1
  PASS  a body that emits a non-terminating error fails the file
  PASS  a clean body still reports PASS
  PASS  Assert-Equal rejects a bool matched against a truthy non-bool
  PASS  Assert-Equal rejects a number matched against its string form
  PASS  Assert-Equal still matches equal numbers across widths
  PASS  Assert-Equal compares collections element-wise
  PASS  Assert-Equal reports collections readably, not as System.Object[]
  PASS  Assert-Equal handles null on either side
  PASS  a file that runs zero tests fails instead of reporting a hollow PASS
  PASS  Import-WidgetFunction throws for a function that does not exist
  PASS  Import-WidgetFunction returns a usable definition
  --- 11 run, 0 failed
---
RESULT: PASS (5 test file(s))
-- tests (scripts/run-tests.ps1) OK in 6s

==============================================================
== build (Build.ps1)
==============================================================
Removing previous build: BatteryPill-1.1.9.exe...
Compiling BatteryWidget.ps1 -> BatteryPill-1.1.9.exe
PS2EXE-GUI v0.5.0.34 by Ingo Karstein, reworked and GUI support by Markus Scholtes


Reading input file C:\myprojects\checkbattery\BatteryWidget.ps1
Compiling file...

Output file C:\myprojects\checkbattery\BatteryPill-1.1.9.exe written

Build successful!
  Output: C:\myprojects\checkbattery\BatteryPill-1.1.9.exe
  Size:   228 KB
-- build (Build.ps1) OK in 3s

==============================================================
== verify summary
==============================================================
  ok    lint (tools/check-source.ps1) (8s)
  ok    tests (scripts/run-tests.ps1) (6s)
  ok    build (Build.ps1) (3s)
  total: 8s
RESULT: PASS
